[INFO] Scanning for projects...
[INFO] 
[INFO] --< com.college.project:PlacementAutomationandStudentRequirementSystem >--
[INFO] Building PlacementAutomationandStudentRequirementSystem 0.0.1-SNAPSHOT
[INFO]   from pom.xml
[INFO] --------------------------------[ jar ]---------------------------------
[INFO] 
[INFO] --- clean:3.5.0:clean (default-clean) @ PlacementAutomationandStudentRequirementSystem ---
[INFO] Deleting D:\SpringBoot Projects\PlacementAutomationandStudentRequirementSystem\backend\target
[INFO] 
[INFO] --- resources:3.3.1:resources (default-resources) @ PlacementAutomationandStudentRequirementSystem ---
[INFO] Copying 3 resources from src\main\resources to target\classes
[INFO] Copying 0 resource from src\main\resources to target\classes
[INFO] 
[INFO] --- compiler:3.14.1:compile (default-compile) @ PlacementAutomationandStudentRequirementSystem ---
[INFO] Recompiling the module because of changed source code.
[INFO] Compiling 75 source files with javac [debug parameters release 21] to target\classes
[INFO] ------------------------------------------------------------------------
[INFO] BUILD FAILURE
[INFO] ------------------------------------------------------------------------
[INFO] Total time:  12.885 s
[INFO] Finished at: 2026-04-08T11:08:31+05:30
[INFO] ------------------------------------------------------------------------
[ERROR] Failed to execute goal org.apache.maven.plugins:maven-compiler-plugin:3.14.1:compile (default-compile) on project PlacementAutomationandStudentRequirementSystem: Fatal error compiling: error: release version 21 not supported -> [Help 1]
[ERROR] 
[ERROR] To see the full stack trace of the errors, re-run Maven with the -e switch.
[ERROR] Re-run Maven using the -X switch to enable full debug logging.
[ERROR] 
[ERROR] For more information about the errors and possible solutions, please read the following articles:
[ERROR] [Help 1] http://cwiki.apache.org/confluence/display/MAVEN/MojoExecutionException
